[kadio.id/demo/ocean-rose.html]
[backblue.gif]
[fade.gif]
[index.html]
[fonts.googleapis.com/index.html]
[cdnjs.cloudflare.com/ajax/libs/animate.css/4.1.1/animate.min.css]
[unpkg.com/aos@2.3.1/dist/aos.css]
[s3.ap-southeast-1.amazonaws.com/cdn.kadio.id/upload/invitation/1649774033_bg1.jpg]
[s3.ap-southeast-1.amazonaws.com/cdn.kadio.id/upload/invitation/1649774033_bg2.jpg]
[s3.ap-southeast-1.amazonaws.com/cdn.kadio.id/upload/invitation/1649774033_bg3.jpg]
[connect.facebook.net/en_US/fbevents.js]
[www.googletagmanager.com/gtag/js9780]
[www.googletagmanager.com/gtag/jsca77]
[www.googletagmanager.com/gtag/jsf760]
[s3.ap-southeast-1.amazonaws.com/cdn.kadio.id/cdn/1642862592_Asset 1.png]
[s3.ap-southeast-1.amazonaws.com/cdn.kadio.id/cdn/1640741678_Prokes_1.png]
[s3.ap-southeast-1.amazonaws.com/cdn.kadio.id/cdn/1640741765_Prokes_2.png]
[s3.ap-southeast-1.amazonaws.com/cdn.kadio.id/cdn/1640741790_Prokes_3.png]
[s3.ap-southeast-1.amazonaws.com/cdn.kadio.id/songs/you-are-the-reason.mp3]
[s3.ap-southeast-1.amazonaws.com/cdn.kadio.id/images/kdo2/index-flower.png]
[s3.ap-southeast-1.amazonaws.com/cdn.kadio.id/upload/439/bride1649774583_groom.jpg]
[s3.ap-southeast-1.amazonaws.com/cdn.kadio.id/upload/439/bride1649774583_bride.jpg]
[www.google.com/maps/place/National+Monument/@-6.1753924,106.8249641,17z/data=!3m1!4b1!4m5!3m4!1s0x2e69f5d2e764b12d_0x3d2ad6e1e0e9bcc8!8m2!3d-6.1753924!4d1064a53.html]
[s3.ap-southeast-1.amazonaws.com/cdn.kadio.id/images/icon/maps-white.png]
[kadio.id/demo/Live.html]
[s3.ap-southeast-1.amazonaws.com/cdn.kadio.id/images/icon/live-white.png]
[s3.ap-southeast-1.amazonaws.com/cdn.kadio.id/upload/invitation/1649774237_g-1.jpg]
[s3.ap-southeast-1.amazonaws.com/cdn.kadio.id/upload/invitation/1649774237_g-2.jpg]
[s3.ap-southeast-1.amazonaws.com/cdn.kadio.id/upload/invitation/1649774237_g-3.jpg]
[s3.ap-southeast-1.amazonaws.com/cdn.kadio.id/upload/invitation/1649774238_g-4.jpg]
[s3.ap-southeast-1.amazonaws.com/cdn.kadio.id/upload/invitation/1649774237_g-5.jpg]
[s3.ap-southeast-1.amazonaws.com/cdn.kadio.id/upload/invitation/1649774237_g-6.jpg]
[s3.ap-southeast-1.amazonaws.com/cdn.kadio.id/upload/invitation/1649774237_g-7.jpg]
[s3.ap-southeast-1.amazonaws.com/cdn.kadio.id/upload/invitation/1649774237_g-8.jpg]
[s3.ap-southeast-1.amazonaws.com/cdn.kadio.id/upload/invitation/1649774237_g-9.jpg]
[s3.ap-southeast-1.amazonaws.com/cdn.kadio.id/upload/invitation/1649774237_g-10.jpg]
[s3.ap-southeast-1.amazonaws.com/cdn.kadio.id/upload/invitation/1649774237_g-11.jpg]
[s3.ap-southeast-1.amazonaws.com/cdn.kadio.id/upload/invitation/1649774237_g-12.jpg]
[s3.ap-southeast-1.amazonaws.com/cdn.kadio.id/images/icon/send-blue.png]
[s3.ap-southeast-1.amazonaws.com/cdn.kadio.id/images/icon/gift-white.png]
[s3.ap-southeast-1.amazonaws.com/cdn.kadio.id/images/kdo2/rsvp-flower.png]
[unpkg.com/aos@2.3.1/dist/aos.js]
[cdnjs.cloudflare.com/ajax/libs/moment.js/2.29.1/moment.min.js]
[kadio.id/demo/ocean-rose.html]
[cdnjs.cloudflare.com/ajax/libs/gsap/1.20.3/TweenMax.min.js]
[fonts.googleapis.com/index.html]
[fonts.gstatic.com/index.html]
[fonts.gstatic.com/s/dancingscript/v24/If2cXTr6YS-zF4S-kcSWSVi_sxjsohD9F50Ruu7BMSoHTQ.ttf]
[fonts.gstatic.com/s/dancingscript/v24/If2cXTr6YS-zF4S-kcSWSVi_sxjsohD9F50Ruu7BAyoHTQ.ttf]
[fonts.gstatic.com/s/roboto/v30/KFOkCnqEu92Fr1MmgWxP.ttf]
[fonts.gstatic.com/s/roboto/v30/KFOlCnqEu92Fr1MmSU5vAw.ttf]
[fonts.googleapis.com/css2500b.css]
[cdnjs.cloudflare.com/ajax/libs/animate.css/4.1.1/animate.min.css]
[unpkg.com/aos@2.3.1/dist/aos.css]
[fonts.gstatic.com/s/roboto/v30/KFOmCnqEu92Fr1Me5Q.ttf]
[kadio.id/demo/c.html]
[kadio.id/demo/b.html]
[connect.facebook.net/en_US/fbevents.js]
[kadio.id/demo/POST.html]
[www.facebook.com/trb3e5]
[www.google.com/maps/place/National+Monument/@-6.1753924,106.8249641,17z/chrome-extension_/index.html]
[www.google.com/maps/place/National+Monument/@-6.1753924,106.8249641,17z/data=!3m1!4b1!4m5!3m4!1s0x2e69f5d2e764b12d_0x3d2ad6e1e0e9bcc8!8m2!3d-6.1753924!4d1064a53.html]
[kadio.id/demo/Live.html]
[s3.ap-southeast-1.amazonaws.com/cdn.kadio.id/images/logo/logo-fix.svg]
[kadio.id/demo/c.html]
[kadio.id/demo/b.html]
[kadio.id/demo/POST.html]
[www.google.com/maps/place/National+Monument/@-6.1753924,106.8249641,17z/chrome-extension_/index.html]
[www.google.com/maps/place/National+Monument/@-6.1753924,106.8249641,17z/chrome-extension_/GET.html]
[www.google.com/maps/place/National+Monument/@-6.1753924,106.8249641,17z/GET.html]
[www.google.com/maps/place/National+Monument/@-6.1753924,106.8249641,17z/GET.html]
[cdn.jsdelivr.net/npm/alertifyjs@1.13.1/build/css/alertify.min.css]
[cdn.jsdelivr.net/npm/alertifyjs@1.13.1/build/css/themes/default.min.css]
[www.google.com/maps/place/National+Monument/@-6.1753924,106.8249641,17z/chrome-extension_/chrome-extension_/index.html]
[www.google.com/maps/place/National+Monument/@-6.1753924,106.8249641,17z/chrome-extension_/chrome-extension_/index.html]
[www.google.com/maps/place/National+Monument/@-6.1753924,106.8249641,17z/chrome-extension_/GET.html]
[cdn.jsdelivr.net/npm/alertifyjs@1.13.1/build/alertify.min.js]
[www.google.com/maps/place/National+Monument/@-6.1753924,106.8249641,17z/chrome-extension_/chrome-extension_/chrome-extension_/index.html]
[www.google.com/maps/place/National+Monument/@-6.1753924,106.8249641,17z/chrome-extension_/chrome-extension_/GET.html]
[www.google.com/maps/place/National+Monument/@-6.1753924,106.8249641,17z/chrome-extension_/chrome-extension_/chrome-extension_/index.html]
[www.google.com/maps/place/National+Monument/@-6.1753924,106.8249641,17z/chrome-extension_/chrome-extension_/GET.html]
[fonts.gstatic.com/s/roboto/v18/KFOlCnqEu92Fr1MmSU5fChc9.ttf]
[fonts.gstatic.com/s/roboto/v18/KFOmCnqEu92Fr1Mu7GxP.ttf]
[fonts.gstatic.com/s/roboto/v18/KFOlCnqEu92Fr1MmEU9fChc9.ttf]
[fonts.gstatic.com/s/roboto/v18/KFOlCnqEu92Fr1MmWUlfChc9.ttf]
[fonts.gstatic.com/s/productsans/v9/pxiDypQkot1TnFhsFMOfGShVF9eL.ttf]
[fonts.gstatic.com/s/googlesans/v14/4UaGrENHsxJlGDuGo1OIlL3Owps.ttf]
[fonts.gstatic.com/s/googlesans/v14/4UabrENHsxJlGDuGo1OIlLU94YtzCwM.ttf]
[fonts.gstatic.com/s/googlesansdisplay/v13/ea8FacM9Wef3EJPWRrHjgE4B6CnlZxHVDv79pA.ttf]
[www.google.com/maps/place/National+Monument/@-6.1753924,106.8249641,17z/chrome-extension_/chrome-extension_/chrome-extension_/chrome-extension_/index.html]
[www.google.com/maps/place/National+Monument/@-6.1753924,106.8249641,17z/chrome-extension_/chrome-extension_/chrome-extension_/GET.html]
[www.google.com/maps/place/National+Monument/@-6.1753924,106.8249641,17z/chrome-extension_/chrome-extension_/chrome-extension_/chrome-extension_/index.html]
[www.google.com/maps/place/National+Monument/@-6.1753924,106.8249641,17z/chrome-extension_/chrome-extension_/chrome-extension_/GET.html]
[www.google.com/maps/place/National+Monument/@-6.1753924,106.8249641,17z/chrome-extension_/chrome-extension_/chrome-extension_/chrome-extension_/chrome-extension_/index.html]
[www.google.com/maps/place/National+Monument/@-6.1753924,106.8249641,17z/chrome-extension_/chrome-extension_/chrome-extension_/chrome-extension_/chrome-extension_/index.html]
[www.google.com/maps/place/National+Monument/@-6.1753924,106.8249641,17z/chrome-extension_/chrome-extension_/chrome-extension_/chrome-extension_/GET.html]
[www.google.com/maps/place/National+Monument/@-6.1753924,106.8249641,17z/chrome-extension_/chrome-extension_/chrome-extension_/chrome-extension_/GET.html]
[www.google.com/maps/place/National+Monument/@-6.1753924,106.8249641,17z/chrome-extension_/chrome-extension_/chrome-extension_/chrome-extension_/chrome-extension_/chrome-extension_/index.html]
[www.google.com/maps/place/National+Monument/@-6.1753924,106.8249641,17z/chrome-extension_/chrome-extension_/chrome-extension_/chrome-extension_/chrome-extension_/chrome-extension_/index.html]
[www.google.com/maps/place/National+Monument/@-6.1753924,106.8249641,17z/chrome-extension_/chrome-extension_/chrome-extension_/chrome-extension_/chrome-extension_/GET.html]
[www.google.com/maps/place/National+Monument/@-6.1753924,106.8249641,17z/chrome-extension_/chrome-extension_/chrome-extension_/chrome-extension_/chrome-extension_/GET.html]
[www.google.com/maps/place/National+Monument/@-6.1753924,106.8249641,17z/chrome-extension_/chrome-extension_/chrome-extension_/chrome-extension_/chrome-extension_/chrome-extension_/chrom/index.html]
[www.google.com/maps/place/National+Monument/@-6.1753924,106.8249641,17z/chrome-extension_/chrome-extension_/chrome-extension_/chrome-extension_/chrome-extension_/chrome-extension_/chrom/index.html]
[www.google.com/maps/place/National+Monument/@-6.1753924,106.8249641,17z/chrome-extension_/chrome-extension_/chrome-extension_/chrome-extension_/chrome-extension_/chrome-extension_/GET.html]
[www.google.com/maps/place/National+Monument/@-6.1753924,106.8249641,17z/chrome-extension_/chrome-extension_/chrome-extension_/chrome-extension_/chrome-extension_/chrome-extension_/GET.html]
[www.google.com/maps/place/National+Monument/@-6.1753924,106.8249641,17z/chrome-extension_/chrome-extension_/chrome-extension_/chrome-extension_/chrome-extension_/chrome-extension_/chr/GET.47.delaye]
[www.google.com/maps/place/National+Monument/@-6.1753924,106.8249641,17z/chrome-extension_/chrome-extension_/chrome-extension_/chrome-extension_/chrome-extension_/chrome-extension_/chrom/index-2.html]
[www.google.com/maps/place/National+Monument/@-6.1753924,106.8249641,17z/chrome-extension_/chrome-extension_/chrome-extension_/chrome-extension_/chrome-extension_/chrome-extension_/chrom/index-2.html]
[www.google.com/maps/place/National+Monument/@-6.1753924,106.8249641,17z/chrome-extension_/chrome-extension_/chrome-extension_/chrome-extension_/chrome-extension_/chrome-extension_/chr/GET.47.delaye]
[www.google.com/maps/place/National+Monument/@-6.1753924,106.8249641,17z/chrome-extension_/chrome-extension_/chrome-extension_/chrome-extension_/chrome-extension_/chrome-extension_/chr/GET.48.delaye]
[www.google.com/maps/place/National+Monument/@-6.1753924,106.8249641,17z/chrome-extension_/chrome-extension_/chrome-extension_/chrome-extension_/chrome-extension_/chrome-extension_/chrom/index-3.html]
[www.google.com/maps/place/National+Monument/@-6.1753924,106.8249641,17z/chrome-extension_/chrome-extension_/chrome-extension_/chrome-extension_/chrome-extension_/chrome-extension_/chrom/index-3.html]
[www.google.com/maps/place/National+Monument/@-6.1753924,106.8249641,17z/chrome-extension_/chrome-extension_/chrome-extension_/chrome-extension_/chrome-extension_/chrome-extension_/chr/GET.48.delaye]
[www.google.com/maps/place/National+Monument/@-6.1753924,106.8249641,17z/chrome-extension_/chrome-extension_/chrome-extension_/chrome-extension_/chrome-extension_/chrome-extension_/chr/GET.49.delaye]
[www.google.com/maps/place/National+Monument/@-6.1753924,106.8249641,17z/chrome-extension_/chrome-extension_/chrome-extension_/chrome-extension_/chrome-extension_/chrome-extension_/chrom/index-4.html]
[www.google.com/maps/place/National+Monument/@-6.1753924,106.8249641,17z/chrome-extension_/chrome-extension_/chrome-extension_/chrome-extension_/chrome-extension_/chrome-extension_/chrom/index-4.html]
[www.google.com/maps/place/National+Monument/@-6.1753924,106.8249641,17z/chrome-extension_/chrome-extension_/chrome-extension_/chrome-extension_/chrome-extension_/chrome-extension_/chr/GET.49.delaye]
[www.google.com/maps/place/National+Monument/@-6.1753924,106.8249641,17z/chrome-extension_/chrome-extension_/chrome-extension_/chrome-extension_/chrome-extension_/chrome-extension_/chr/GET.4a.delaye]
[www.google.com/maps/place/National+Monument/@-6.1753924,106.8249641,17z/chrome-extension_/chrome-extension_/chrome-extension_/chrome-extension_/chrome-extension_/chrome-extension_/chrom/index-5.html]
[www.google.com/maps/place/National+Monument/@-6.1753924,106.8249641,17z/chrome-extension_/chrome-extension_/chrome-extension_/chrome-extension_/chrome-extension_/chrome-extension_/chrom/index-5.html]
[www.google.com/maps/place/National+Monument/@-6.1753924,106.8249641,17z/chrome-extension_/chrome-extension_/chrome-extension_/chrome-extension_/chrome-extension_/chrome-extension_/chr/GET.4a.delaye]
[www.google.com/maps/place/National+Monument/@-6.1753924,106.8249641,17z/chrome-extension_/chrome-extension_/chrome-extension_/chrome-extension_/chrome-extension_/chrome-extension_/chr/GET.4b.delaye]
[www.google.com/maps/place/National+Monument/@-6.1753924,106.8249641,17z/chrome-extension_/chrome-extension_/chrome-extension_/chrome-extension_/chrome-extension_/chrome-extension_/chrom/index-6.html]
[www.google.com/maps/place/National+Monument/@-6.1753924,106.8249641,17z/chrome-extension_/chrome-extension_/chrome-extension_/chrome-extension_/chrome-extension_/chrome-extension_/chrom/index-6.html]
[www.google.com/maps/place/National+Monument/@-6.1753924,106.8249641,17z/chrome-extension_/chrome-extension_/chrome-extension_/chrome-extension_/chrome-extension_/chrome-extension_/chr/GET.4b.delaye]
[www.google.com/maps/place/National+Monument/@-6.1753924,106.8249641,17z/chrome-extension_/chrome-extension_/chrome-extension_/chrome-extension_/chrome-extension_/chrome-extension_/chr/GET.4c.delaye]
[www.google.com/maps/place/National+Monument/@-6.1753924,106.8249641,17z/chrome-extension_/chrome-extension_/chrome-extension_/chrome-extension_/chrome-extension_/chrome-extension_/chrom/index-7.html]
[www.google.com/maps/place/National+Monument/@-6.1753924,106.8249641,17z/chrome-extension_/chrome-extension_/chrome-extension_/chrome-extension_/chrome-extension_/chrome-extension_/chrom/index-7.html]
[www.google.com/maps/place/National+Monument/@-6.1753924,106.8249641,17z/chrome-extension_/chrome-extension_/chrome-extension_/chrome-extension_/chrome-extension_/chrome-extension_/chr/GET.4c.delaye]
[www.google.com/maps/place/National+Monument/@-6.1753924,106.8249641,17z/chrome-extension_/chrome-extension_/chrome-extension_/chrome-extension_/chrome-extension_/chrome-extension_/chr/GET.4d.delaye]
[www.google.com/maps/place/National+Monument/@-6.1753924,106.8249641,17z/chrome-extension_/chrome-extension_/chrome-extension_/chrome-extension_/chrome-extension_/chrome-extension_/chrom/index-8.html]
[www.google.com/maps/place/National+Monument/@-6.1753924,106.8249641,17z/chrome-extension_/chrome-extension_/chrome-extension_/chrome-extension_/chrome-extension_/chrome-extension_/chrom/index-8.html]
[www.google.com/maps/place/National+Monument/@-6.1753924,106.8249641,17z/chrome-extension_/chrome-extension_/chrome-extension_/chrome-extension_/chrome-extension_/chrome-extension_/chr/GET.4d.delaye]
[www.google.com/maps/place/National+Monument/@-6.1753924,106.8249641,17z/chrome-extension_/chrome-extension_/chrome-extension_/chrome-extension_/chrome-extension_/chrome-extension_/chrom/index-9.html]
[www.google.com/maps/place/National+Monument/@-6.1753924,106.8249641,17z/chrome-extension_/chrome-extension_/chrome-extension_/chrome-extension_/chrome-extension_/chrome-extension_/chrom/index-9.html]
[www.google.com/maps/place/National+Monument/@-6.1753924,106.8249641,17z/chrome-extension_/chrome-extension_/chrome-extension_/chrome-extension_/chrome-extension_/chrome-extension_/chr/GET.4e.delaye]
[www.google.com/maps/place/National+Monument/@-6.1753924,106.8249641,17z/chrome-extension_/chrome-extension_/chrome-extension_/chrome-extension_/chrome-extension_/chrome-extension_/chr/GET.4e.delaye]
[www.google.com/maps/place/National+Monument/@-6.1753924,106.8249641,17z/chrome-extension_/chrome-extension_/chrome-extension_/chrome-extension_/chrome-extension_/chrome-extension_/chr/GET.4f.delaye]
[www.google.com/maps/place/National+Monument/@-6.1753924,106.8249641,17z/chrome-extension_/chrome-extension_/chrome-extension_/chrome-extension_/chrome-extension_/chrome-extension_/chrom/index-10.html]
[www.google.com/maps/place/National+Monument/@-6.1753924,106.8249641,17z/chrome-extension_/chrome-extension_/chrome-extension_/chrome-extension_/chrome-extension_/chrome-extension_/chrom/index-10.html]
[www.google.com/maps/place/National+Monument/@-6.1753924,106.8249641,17z/chrome-extension_/chrome-extension_/chrome-extension_/chrome-extension_/chrome-extension_/chrome-extension_/chr/GET.4f.delaye]
[www.google.com/maps/place/National+Monument/@-6.1753924,106.8249641,17z/chrome-extension_/chrome-extension_/chrome-extension_/chrome-extension_/chrome-extension_/chrome-extension_/chrom/index-11.html]
[www.google.com/maps/place/National+Monument/@-6.1753924,106.8249641,17z/chrome-extension_/chrome-extension_/chrome-extension_/chrome-extension_/chrome-extension_/chrome-extension_/chrom/index-11.html]
[www.google.com/maps/place/National+Monument/@-6.1753924,106.8249641,17z/chrome-extension_/chrome-extension_/chrome-extension_/chrome-extension_/chrome-extension_/chrome-extension_/chr/GET.50.delaye]
[www.google.com/maps/place/National+Monument/@-6.1753924,106.8249641,17z/chrome-extension_/chrome-extension_/chrome-extension_/chrome-extension_/chrome-extension_/chrome-extension_/chr/GET.50.delaye]
[www.google.com/maps/place/National+Monument/@-6.1753924,106.8249641,17z/chrome-extension_/chrome-extension_/chrome-extension_/chrome-extension_/chrome-extension_/chrome-extension_/chr/GET.51.delaye]
[www.google.com/maps/place/National+Monument/@-6.1753924,106.8249641,17z/chrome-extension_/chrome-extension_/chrome-extension_/chrome-extension_/chrome-extension_/chrome-extension_/chrom/index-12.html]
[www.google.com/maps/place/National+Monument/@-6.1753924,106.8249641,17z/chrome-extension_/chrome-extension_/chrome-extension_/chrome-extension_/chrome-extension_/chrome-extension_/chrom/index-12.html]
[www.google.com/maps/place/National+Monument/@-6.1753924,106.8249641,17z/chrome-extension_/chrome-extension_/chrome-extension_/chrome-extension_/chrome-extension_/chrome-extension_/chr/GET.51.delaye]
[www.google.com/maps/place/National+Monument/@-6.1753924,106.8249641,17z/chrome-extension_/chrome-extension_/chrome-extension_/chrome-extension_/chrome-extension_/chrome-extension_/chr/GET.52.delaye]
[www.google.com/maps/place/National+Monument/@-6.1753924,106.8249641,17z/chrome-extension_/chrome-extension_/chrome-extension_/chrome-extension_/chrome-extension_/chrome-extension_/chrom/index-13.html]
[www.google.com/maps/place/National+Monument/@-6.1753924,106.8249641,17z/chrome-extension_/chrome-extension_/chrome-extension_/chrome-extension_/chrome-extension_/chrome-extension_/chrom/index-13.html]
[www.google.com/maps/place/National+Monument/@-6.1753924,106.8249641,17z/chrome-extension_/chrome-extension_/chrome-extension_/chrome-extension_/chrome-extension_/chrome-extension_/chr/GET.52.delaye]
[www.google.com/maps/place/National+Monument/@-6.1753924,106.8249641,17z/chrome-extension_/chrome-extension_/chrome-extension_/chrome-extension_/chrome-extension_/chrome-extension_/chr/GET.53.delaye]
[www.google.com/maps/place/National+Monument/@-6.1753924,106.8249641,17z/chrome-extension_/chrome-extension_/chrome-extension_/chrome-extension_/chrome-extension_/chrome-extension_/chrom/index-14.html]
[www.google.com/maps/place/National+Monument/@-6.1753924,106.8249641,17z/chrome-extension_/chrome-extension_/chrome-extension_/chrome-extension_/chrome-extension_/chrome-extension_/chrom/index-14.html]
[www.google.com/maps/place/National+Monument/@-6.1753924,106.8249641,17z/chrome-extension_/chrome-extension_/chrome-extension_/chrome-extension_/chrome-extension_/chrome-extension_/chr/GET.53.delaye]
[www.google.com/maps/place/National+Monument/@-6.1753924,106.8249641,17z/chrome-extension_/chrome-extension_/chrome-extension_/chrome-extension_/chrome-extension_/chrome-extension_/chrom/index-15.html]
[www.google.com/maps/place/National+Monument/@-6.1753924,106.8249641,17z/chrome-extension_/chrome-extension_/chrome-extension_/chrome-extension_/chrome-extension_/chrome-extension_/chrom/index-15.html]
[www.google.com/maps/place/National+Monument/@-6.1753924,106.8249641,17z/chrome-extension_/chrome-extension_/chrome-extension_/chrome-extension_/chrome-extension_/chrome-extension_/chr/GET.54.delaye]
[www.google.com/maps/place/National+Monument/@-6.1753924,106.8249641,17z/chrome-extension_/chrome-extension_/chrome-extension_/chrome-extension_/chrome-extension_/chrome-extension_/chr/GET.54.delaye]
[www.google.com/maps/place/National+Monument/@-6.1753924,106.8249641,17z/chrome-extension_/chrome-extension_/chrome-extension_/chrome-extension_/chrome-extension_/chrome-extension_/chrom/index-16.html]
[www.google.com/maps/place/National+Monument/@-6.1753924,106.8249641,17z/chrome-extension_/chrome-extension_/chrome-extension_/chrome-extension_/chrome-extension_/chrome-extension_/chrom/index-16.html]
[www.google.com/maps/place/National+Monument/@-6.1753924,106.8249641,17z/chrome-extension_/chrome-extension_/chrome-extension_/chrome-extension_/chrome-extension_/chrome-extension_/chr/GET.55.delaye]
[www.google.com/maps/place/National+Monument/@-6.1753924,106.8249641,17z/chrome-extension_/chrome-extension_/chrome-extension_/chrome-extension_/chrome-extension_/chrome-extension_/chr/GET.55.delaye]
[www.google.com/maps/place/National+Monument/@-6.1753924,106.8249641,17z/chrome-extension_/chrome-extension_/chrome-extension_/chrome-extension_/chrome-extension_/chrome-extension_/chr/GET.56.delaye]
[www.google.com/maps/place/National+Monument/@-6.1753924,106.8249641,17z/chrome-extension_/chrome-extension_/chrome-extension_/chrome-extension_/chrome-extension_/chrome-extension_/chrom/index-17.html]
[www.google.com/maps/place/National+Monument/@-6.1753924,106.8249641,17z/chrome-extension_/chrome-extension_/chrome-extension_/chrome-extension_/chrome-extension_/chrome-extension_/chrom/index-17.html]
[www.google.com/maps/place/National+Monument/@-6.1753924,106.8249641,17z/chrome-extension_/chrome-extension_/chrome-extension_/chrome-extension_/chrome-extension_/chrome-extension_/chr/GET.56.delaye]
[www.google.com/maps/place/National+Monument/@-6.1753924,106.8249641,17z/chrome-extension_/chrome-extension_/chrome-extension_/chrome-extension_/chrome-extension_/chrome-extension_/chrom/index-18.html]
[www.google.com/maps/place/National+Monument/@-6.1753924,106.8249641,17z/chrome-extension_/chrome-extension_/chrome-extension_/chrome-extension_/chrome-extension_/chrome-extension_/chrom/index-18.html]
[www.google.com/maps/place/National+Monument/@-6.1753924,106.8249641,17z/chrome-extension_/chrome-extension_/chrome-extension_/chrome-extension_/chrome-extension_/chrome-extension_/chr/GET.57.delaye]
[www.google.com/maps/place/National+Monument/@-6.1753924,106.8249641,17z/chrome-extension_/chrome-extension_/chrome-extension_/chrome-extension_/chrome-extension_/chrome-extension_/chr/GET.57.delaye]
[www.google.com/maps/place/National+Monument/@-6.1753924,106.8249641,17z/chrome-extension_/chrome-extension_/chrome-extension_/chrome-extension_/chrome-extension_/chrome-extension_/chr/GET.58.delaye]
[www.google.com/maps/place/National+Monument/@-6.1753924,106.8249641,17z/chrome-extension_/chrome-extension_/chrome-extension_/chrome-extension_/chrome-extension_/chrome-extension_/chrom/index-19.html]
[www.google.com/maps/place/National+Monument/@-6.1753924,106.8249641,17z/chrome-extension_/chrome-extension_/chrome-extension_/chrome-extension_/chrome-extension_/chrome-extension_/chrom/index-19.html]
[www.google.com/maps/place/National+Monument/@-6.1753924,106.8249641,17z/chrome-extension_/chrome-extension_/chrome-extension_/chrome-extension_/chrome-extension_/chrome-extension_/chr/GET.58.delaye]
[www.google.com/maps/place/National+Monument/@-6.1753924,106.8249641,17z/chrome-extension_/chrome-extension_/chrome-extension_/chrome-extension_/chrome-extension_/chrome-extension_/chrom/index-20.html]
[www.google.com/maps/place/National+Monument/@-6.1753924,106.8249641,17z/chrome-extension_/chrome-extension_/chrome-extension_/chrome-extension_/chrome-extension_/chrome-extension_/chrom/index-20.html]
[www.google.com/maps/place/National+Monument/@-6.1753924,106.8249641,17z/chrome-extension_/chrome-extension_/chrome-extension_/chrome-extension_/chrome-extension_/chrome-extension_/chr/GET.59.delaye]
[www.google.com/maps/place/National+Monument/@-6.1753924,106.8249641,17z/chrome-extension_/chrome-extension_/chrome-extension_/chrome-extension_/chrome-extension_/chrome-extension_/chr/GET.59.delaye]
[www.google.com/maps/place/National+Monument/@-6.1753924,106.8249641,17z/chrome-extension_/chrome-extension_/chrome-extension_/chrome-extension_/chrome-extension_/chrome-extension_/chrom/index-21.html]
[www.google.com/maps/place/National+Monument/@-6.1753924,106.8249641,17z/chrome-extension_/chrome-extension_/chrome-extension_/chrome-extension_/chrome-extension_/chrome-extension_/chrom/index-21.html]
[www.google.com/maps/place/National+Monument/@-6.1753924,106.8249641,17z/chrome-extension_/chrome-extension_/chrome-extension_/chrome-extension_/chrome-extension_/chrome-extension_/chr/GET.5a.delaye]
[www.google.com/maps/place/National+Monument/@-6.1753924,106.8249641,17z/chrome-extension_/chrome-extension_/chrome-extension_/chrome-extension_/chrome-extension_/chrome-extension_/chr/GET.5a.delaye]
[www.google.com/maps/place/National+Monument/@-6.1753924,106.8249641,17z/chrome-extension_/chrome-extension_/chrome-extension_/chrome-extension_/chrome-extension_/chrome-extension_/chrom/index-22.html]
[www.google.com/maps/place/National+Monument/@-6.1753924,106.8249641,17z/chrome-extension_/chrome-extension_/chrome-extension_/chrome-extension_/chrome-extension_/chrome-extension_/chrom/index-22.html]
[www.google.com/maps/place/National+Monument/@-6.1753924,106.8249641,17z/chrome-extension_/chrome-extension_/chrome-extension_/chrome-extension_/chrome-extension_/chrome-extension_/chr/GET.5b.delaye]
[www.google.com/maps/place/National+Monument/@-6.1753924,106.8249641,17z/chrome-extension_/chrome-extension_/chrome-extension_/chrome-extension_/chrome-extension_/chrome-extension_/chr/GET.5b.delaye]
[www.google.com/maps/place/National+Monument/@-6.1753924,106.8249641,17z/chrome-extension_/chrome-extension_/chrome-extension_/chrome-extension_/chrome-extension_/chrome-extension_/chr/GET.5c.delaye]
[www.google.com/maps/place/National+Monument/@-6.1753924,106.8249641,17z/chrome-extension_/chrome-extension_/chrome-extension_/chrome-extension_/chrome-extension_/chrome-extension_/chrom/index-23.html]
[www.google.com/maps/place/National+Monument/@-6.1753924,106.8249641,17z/chrome-extension_/chrome-extension_/chrome-extension_/chrome-extension_/chrome-extension_/chrome-extension_/chrom/index-23.html]
[www.google.com/maps/place/National+Monument/@-6.1753924,106.8249641,17z/chrome-extension_/chrome-extension_/chrome-extension_/chrome-extension_/chrome-extension_/chrome-extension_/chr/GET.5c.delaye]
[www.google.com/maps/place/National+Monument/@-6.1753924,106.8249641,17z/chrome-extension_/chrome-extension_/chrome-extension_/chrome-extension_/chrome-extension_/chrome-extension_/chrom/index-24.html]
[www.google.com/maps/place/National+Monument/@-6.1753924,106.8249641,17z/chrome-extension_/chrome-extension_/chrome-extension_/chrome-extension_/chrome-extension_/chrome-extension_/chrom/index-24.html]
[www.google.com/maps/place/National+Monument/@-6.1753924,106.8249641,17z/chrome-extension_/chrome-extension_/chrome-extension_/chrome-extension_/chrome-extension_/chrome-extension_/chr/GET.5d.delaye]
[www.google.com/maps/place/National+Monument/@-6.1753924,106.8249641,17z/chrome-extension_/chrome-extension_/chrome-extension_/chrome-extension_/chrome-extension_/chrome-extension_/chr/GET.5d.delaye]
[www.google.com/maps/place/National+Monument/@-6.1753924,106.8249641,17z/chrome-extension_/chrome-extension_/chrome-extension_/chrome-extension_/chrome-extension_/chrome-extension_/chrom/index-25.html]
[www.google.com/maps/place/National+Monument/@-6.1753924,106.8249641,17z/chrome-extension_/chrome-extension_/chrome-extension_/chrome-extension_/chrome-extension_/chrome-extension_/chrom/index-25.html]
[www.google.com/maps/place/National+Monument/@-6.1753924,106.8249641,17z/chrome-extension_/chrome-extension_/chrome-extension_/chrome-extension_/chrome-extension_/chrome-extension_/chr/GET.5e.delaye]
[www.google.com/maps/place/National+Monument/@-6.1753924,106.8249641,17z/chrome-extension_/chrome-extension_/chrome-extension_/chrome-extension_/chrome-extension_/chrome-extension_/chr/GET.5e.delaye]
[www.google.com/maps/place/National+Monument/@-6.1753924,106.8249641,17z/chrome-extension_/chrome-extension_/chrome-extension_/chrome-extension_/chrome-extension_/chrome-extension_/chr/GET.5f.delaye]
[www.google.com/maps/place/National+Monument/@-6.1753924,106.8249641,17z/chrome-extension_/chrome-extension_/chrome-extension_/chrome-extension_/chrome-extension_/chrome-extension_/chrom/index-26.html]
[www.google.com/maps/place/National+Monument/@-6.1753924,106.8249641,17z/chrome-extension_/chrome-extension_/chrome-extension_/chrome-extension_/chrome-extension_/chrome-extension_/chrom/index-26.html]
[www.google.com/maps/place/National+Monument/@-6.1753924,106.8249641,17z/chrome-extension_/chrome-extension_/chrome-extension_/chrome-extension_/chrome-extension_/chrome-extension_/chr/GET.5f.delaye]
[www.google.com/maps/place/National+Monument/@-6.1753924,106.8249641,17z/chrome-extension_/chrome-extension_/chrome-extension_/chrome-extension_/chrome-extension_/chrome-extension_/chrom/index-27.html]
[www.google.com/maps/place/National+Monument/@-6.1753924,106.8249641,17z/chrome-extension_/chrome-extension_/chrome-extension_/chrome-extension_/chrome-extension_/chrome-extension_/chr/GET.60.delaye]
[www.google.com/maps/place/National+Monument/@-6.1753924,106.8249641,17z/chrome-extension_/chrome-extension_/chrome-extension_/chrome-extension_/chrome-extension_/chrome-extension_/chrom/index-27.html]
[www.google.com/maps/place/National+Monument/@-6.1753924,106.8249641,17z/chrome-extension_/chrome-extension_/chrome-extension_/chrome-extension_/chrome-extension_/chrome-extension_/chr/GET.60.delaye]
[www.google.com/maps/place/National+Monument/@-6.1753924,106.8249641,17z/chrome-extension_/chrome-extension_/chrome-extension_/chrome-extension_/chrome-extension_/chrome-extension_/chrom/index-28.html]
[www.google.com/maps/place/National+Monument/@-6.1753924,106.8249641,17z/chrome-extension_/chrome-extension_/chrome-extension_/chrome-extension_/chrome-extension_/chrome-extension_/chrom/index-28.html]
[www.google.com/maps/place/National+Monument/@-6.1753924,106.8249641,17z/chrome-extension_/chrome-extension_/chrome-extension_/chrome-extension_/chrome-extension_/chrome-extension_/chr/GET.61.delaye]
[www.google.com/maps/place/National+Monument/@-6.1753924,106.8249641,17z/chrome-extension_/chrome-extension_/chrome-extension_/chrome-extension_/chrome-extension_/chrome-extension_/chr/GET.61.delaye]
[www.google.com/maps/place/National+Monument/@-6.1753924,106.8249641,17z/chrome-extension_/chrome-extension_/chrome-extension_/chrome-extension_/chrome-extension_/chrome-extension_/chrom/index-29.html]
[www.google.com/maps/place/National+Monument/@-6.1753924,106.8249641,17z/chrome-extension_/chrome-extension_/chrome-extension_/chrome-extension_/chrome-extension_/chrome-extension_/chrom/index-29.html]
[www.google.com/maps/place/National+Monument/@-6.1753924,106.8249641,17z/chrome-extension_/chrome-extension_/chrome-extension_/chrome-extension_/chrome-extension_/chrome-extension_/chrom/index-30.html]
[www.google.com/maps/place/National+Monument/@-6.1753924,106.8249641,17z/chrome-extension_/chrome-extension_/chrome-extension_/chrome-extension_/chrome-extension_/chrome-extension_/chr/GET.62.delaye]
[www.google.com/maps/place/National+Monument/@-6.1753924,106.8249641,17z/chrome-extension_/chrome-extension_/chrome-extension_/chrome-extension_/chrome-extension_/chrome-extension_/chr/GET.62.delaye]
[www.google.com/maps/place/National+Monument/@-6.1753924,106.8249641,17z/chrome-extension_/chrome-extension_/chrome-extension_/chrome-extension_/chrome-extension_/chrome-extension_/chrom/index-30.html]
[www.google.com/maps/place/National+Monument/@-6.1753924,106.8249641,17z/chrome-extension_/chrome-extension_/chrome-extension_/chrome-extension_/chrome-extension_/chrome-extension_/chr/GET.63.delaye]
[www.google.com/maps/place/National+Monument/@-6.1753924,106.8249641,17z/chrome-extension_/chrome-extension_/chrome-extension_/chrome-extension_/chrome-extension_/chrome-extension_/chr/GET.63.delaye]
[www.google.com/maps/place/National+Monument/@-6.1753924,106.8249641,17z/chrome-extension_/chrome-extension_/chrome-extension_/chrome-extension_/chrome-extension_/chrome-extension_/chr/GET.64.delaye]
[www.google.com/maps/place/National+Monument/@-6.1753924,106.8249641,17z/chrome-extension_/chrome-extension_/chrome-extension_/chrome-extension_/chrome-extension_/chrome-extension_/chrom/index-31.html]
[www.google.com/maps/place/National+Monument/@-6.1753924,106.8249641,17z/chrome-extension_/chrome-extension_/chrome-extension_/chrome-extension_/chrome-extension_/chrome-extension_/chrom/index-31.html]
[www.google.com/maps/place/National+Monument/@-6.1753924,106.8249641,17z/chrome-extension_/chrome-extension_/chrome-extension_/chrome-extension_/chrome-extension_/chrome-extension_/chr/GET.64.delaye]
[www.google.com/maps/place/National+Monument/@-6.1753924,106.8249641,17z/chrome-extension_/chrome-extension_/chrome-extension_/chrome-extension_/chrome-extension_/chrome-extension_/chrom/index-32.html]
[www.google.com/maps/place/National+Monument/@-6.1753924,106.8249641,17z/chrome-extension_/chrome-extension_/chrome-extension_/chrome-extension_/chrome-extension_/chrome-extension_/chrom/index-32.html]
[www.google.com/maps/place/National+Monument/@-6.1753924,106.8249641,17z/chrome-extension_/chrome-extension_/chrome-extension_/chrome-extension_/chrome-extension_/chrome-extension_/chr/GET.65.delaye]
[www.google.com/maps/place/National+Monument/@-6.1753924,106.8249641,17z/chrome-extension_/chrome-extension_/chrome-extension_/chrome-extension_/chrome-extension_/chrome-extension_/chr/GET.65.delaye]
[www.google.com/maps/place/National+Monument/@-6.1753924,106.8249641,17z/chrome-extension_/chrome-extension_/chrome-extension_/chrome-extension_/chrome-extension_/chrome-extension_/chrom/index-33.html]
[www.google.com/maps/place/National+Monument/@-6.1753924,106.8249641,17z/chrome-extension_/chrome-extension_/chrome-extension_/chrome-extension_/chrome-extension_/chrome-extension_/chrom/index-33.html]
[www.google.com/maps/place/National+Monument/@-6.1753924,106.8249641,17z/chrome-extension_/chrome-extension_/chrome-extension_/chrome-extension_/chrome-extension_/chrome-extension_/chr/GET.66.delaye]
[www.google.com/maps/place/National+Monument/@-6.1753924,106.8249641,17z/chrome-extension_/chrome-extension_/chrome-extension_/chrome-extension_/chrome-extension_/chrome-extension_/chr/GET.66.delaye]
[www.google.com/maps/place/National+Monument/@-6.1753924,106.8249641,17z/chrome-extension_/chrome-extension_/chrome-extension_/chrome-extension_/chrome-extension_/chrome-extension_/chrom/index-34.html]
[www.google.com/maps/place/National+Monument/@-6.1753924,106.8249641,17z/chrome-extension_/chrome-extension_/chrome-extension_/chrome-extension_/chrome-extension_/chrome-extension_/chrom/index-34.html]
[www.google.com/maps/place/National+Monument/@-6.1753924,106.8249641,17z/chrome-extension_/chrome-extension_/chrome-extension_/chrome-extension_/chrome-extension_/chrome-extension_/chr/GET.67.delaye]
[www.google.com/maps/place/National+Monument/@-6.1753924,106.8249641,17z/chrome-extension_/chrome-extension_/chrome-extension_/chrome-extension_/chrome-extension_/chrome-extension_/chr/GET.67.delaye]
[www.google.com/maps/place/National+Monument/@-6.1753924,106.8249641,17z/chrome-extension_/chrome-extension_/chrome-extension_/chrome-extension_/chrome-extension_/chrome-extension_/chrom/index-35.html]
[www.google.com/maps/place/National+Monument/@-6.1753924,106.8249641,17z/chrome-extension_/chrome-extension_/chrome-extension_/chrome-extension_/chrome-extension_/chrome-extension_/chrom/index-35.html]
[www.google.com/maps/place/National+Monument/@-6.1753924,106.8249641,17z/chrome-extension_/chrome-extension_/chrome-extension_/chrome-extension_/chrome-extension_/chrome-extension_/chr/GET.68.delaye]
[www.google.com/maps/place/National+Monument/@-6.1753924,106.8249641,17z/chrome-extension_/chrome-extension_/chrome-extension_/chrome-extension_/chrome-extension_/chrome-extension_/chr/GET.68.delaye]
[www.google.com/maps/place/National+Monument/@-6.1753924,106.8249641,17z/chrome-extension_/chrome-extension_/chrome-extension_/chrome-extension_/chrome-extension_/chrome-extension_/chrom/index-36.html]
[www.google.com/maps/place/National+Monument/@-6.1753924,106.8249641,17z/chrome-extension_/chrome-extension_/chrome-extension_/chrome-extension_/chrome-extension_/chrome-extension_/chrom/index-36.html]
[www.google.com/maps/place/National+Monument/@-6.1753924,106.8249641,17z/chrome-extension_/chrome-extension_/chrome-extension_/chrome-extension_/chrome-extension_/chrome-extension_/chr/GET.69.delaye]
[www.google.com/maps/place/National+Monument/@-6.1753924,106.8249641,17z/chrome-extension_/chrome-extension_/chrome-extension_/chrome-extension_/chrome-extension_/chrome-extension_/chr/GET.69.delaye]
[www.google.com/maps/place/National+Monument/@-6.1753924,106.8249641,17z/chrome-extension_/chrome-extension_/chrome-extension_/chrome-extension_/chrome-extension_/chrome-extension_/chrom/index-37.html]
[www.google.com/maps/place/National+Monument/@-6.1753924,106.8249641,17z/chrome-extension_/chrome-extension_/chrome-extension_/chrome-extension_/chrome-extension_/chrome-extension_/chrom/index-37.html]
[www.google.com/maps/place/National+Monument/@-6.1753924,106.8249641,17z/chrome-extension_/chrome-extension_/chrome-extension_/chrome-extension_/chrome-extension_/chrome-extension_/chr/GET.6a.delaye]
[www.google.com/maps/place/National+Monument/@-6.1753924,106.8249641,17z/chrome-extension_/chrome-extension_/chrome-extension_/chrome-extension_/chrome-extension_/chrome-extension_/chr/GET.6a.delaye]
[www.google.com/maps/place/National+Monument/@-6.1753924,106.8249641,17z/chrome-extension_/chrome-extension_/chrome-extension_/chrome-extension_/chrome-extension_/chrome-extension_/chrom/index-38.html]
[www.google.com/maps/place/National+Monument/@-6.1753924,106.8249641,17z/chrome-extension_/chrome-extension_/chrome-extension_/chrome-extension_/chrome-extension_/chrome-extension_/chrom/index-38.html]
[www.google.com/maps/place/National+Monument/@-6.1753924,106.8249641,17z/chrome-extension_/chrome-extension_/chrome-extension_/chrome-extension_/chrome-extension_/chrome-extension_/chr/GET.6b.delaye]
[www.google.com/maps/place/National+Monument/@-6.1753924,106.8249641,17z/chrome-extension_/chrome-extension_/chrome-extension_/chrome-extension_/chrome-extension_/chrome-extension_/chr/GET.6b.delaye]
[www.google.com/maps/place/National+Monument/@-6.1753924,106.8249641,17z/chrome-extension_/chrome-extension_/chrome-extension_/chrome-extension_/chrome-extension_/chrome-extension_/chrom/index-39.html]
[www.google.com/maps/place/National+Monument/@-6.1753924,106.8249641,17z/chrome-extension_/chrome-extension_/chrome-extension_/chrome-extension_/chrome-extension_/chrome-extension_/chrom/index-39.html]
[www.google.com/maps/place/National+Monument/@-6.1753924,106.8249641,17z/chrome-extension_/chrome-extension_/chrome-extension_/chrome-extension_/chrome-extension_/chrome-extension_/chr/GET.6c.delaye]
[www.google.com/maps/place/National+Monument/@-6.1753924,106.8249641,17z/chrome-extension_/chrome-extension_/chrome-extension_/chrome-extension_/chrome-extension_/chrome-extension_/chr/GET.6c.delaye]
[www.google.com/maps/place/National+Monument/@-6.1753924,106.8249641,17z/chrome-extension_/chrome-extension_/chrome-extension_/chrome-extension_/chrome-extension_/chrome-extension_/chr/GET.6d.delaye]
[www.google.com/maps/place/National+Monument/@-6.1753924,106.8249641,17z/chrome-extension_/chrome-extension_/chrome-extension_/chrome-extension_/chrome-extension_/chrome-extension_/chrom/index-40.html]
[www.google.com/maps/place/National+Monument/@-6.1753924,106.8249641,17z/chrome-extension_/chrome-extension_/chrome-extension_/chrome-extension_/chrome-extension_/chrome-extension_/chrom/index-40.html]
[www.google.com/maps/place/National+Monument/@-6.1753924,106.8249641,17z/chrome-extension_/chrome-extension_/chrome-extension_/chrome-extension_/chrome-extension_/chrome-extension_/chr/GET.6d.delaye]
[www.google.com/maps/place/National+Monument/@-6.1753924,106.8249641,17z/chrome-extension_/chrome-extension_/chrome-extension_/chrome-extension_/chrome-extension_/chrome-extension_/chr/GET.6e.delaye]
[www.google.com/maps/place/National+Monument/@-6.1753924,106.8249641,17z/chrome-extension_/chrome-extension_/chrome-extension_/chrome-extension_/chrome-extension_/chrome-extension_/chrom/index-41.html]
[www.google.com/maps/place/National+Monument/@-6.1753924,106.8249641,17z/chrome-extension_/chrome-extension_/chrome-extension_/chrome-extension_/chrome-extension_/chrome-extension_/chrom/index-41.html]
[www.google.com/maps/place/National+Monument/@-6.1753924,106.8249641,17z/chrome-extension_/chrome-extension_/chrome-extension_/chrome-extension_/chrome-extension_/chrome-extension_/chr/GET.6e.delaye]
[www.google.com/maps/place/National+Monument/@-6.1753924,106.8249641,17z/chrome-extension_/chrome-extension_/chrome-extension_/chrome-extension_/chrome-extension_/chrome-extension_/chr/GET.6f.delaye]
[www.google.com/maps/place/National+Monument/@-6.1753924,106.8249641,17z/chrome-extension_/chrome-extension_/chrome-extension_/chrome-extension_/chrome-extension_/chrome-extension_/chrom/index-42.html]
[www.google.com/maps/place/National+Monument/@-6.1753924,106.8249641,17z/chrome-extension_/chrome-extension_/chrome-extension_/chrome-extension_/chrome-extension_/chrome-extension_/chrom/index-42.html]
[www.google.com/maps/place/National+Monument/@-6.1753924,106.8249641,17z/chrome-extension_/chrome-extension_/chrome-extension_/chrome-extension_/chrome-extension_/chrome-extension_/chr/GET.6f.delaye]
[www.google.com/maps/place/National+Monument/@-6.1753924,106.8249641,17z/chrome-extension_/chrome-extension_/chrome-extension_/chrome-extension_/chrome-extension_/chrome-extension_/chrom/index-43.html]
[www.google.com/maps/place/National+Monument/@-6.1753924,106.8249641,17z/chrome-extension_/chrome-extension_/chrome-extension_/chrome-extension_/chrome-extension_/chrome-extension_/chrom/index-43.html]
[www.google.com/maps/place/National+Monument/@-6.1753924,106.8249641,17z/chrome-extension_/chrome-extension_/chrome-extension_/chrome-extension_/chrome-extension_/chrome-extension_/chr/GET.70.delaye]
[www.google.com/maps/place/National+Monument/@-6.1753924,106.8249641,17z/chrome-extension_/chrome-extension_/chrome-extension_/chrome-extension_/chrome-extension_/chrome-extension_/chr/GET.70.delaye]
[www.google.com/maps/place/National+Monument/@-6.1753924,106.8249641,17z/chrome-extension_/chrome-extension_/chrome-extension_/chrome-extension_/chrome-extension_/chrome-extension_/chrom/index-44.html]
[www.google.com/maps/place/National+Monument/@-6.1753924,106.8249641,17z/chrome-extension_/chrome-extension_/chrome-extension_/chrome-extension_/chrome-extension_/chrome-extension_/chrom/index-44.html]
[www.google.com/maps/place/National+Monument/@-6.1753924,106.8249641,17z/chrome-extension_/chrome-extension_/chrome-extension_/chrome-extension_/chrome-extension_/chrome-extension_/chr/GET.71.delaye]
[www.google.com/maps/place/National+Monument/@-6.1753924,106.8249641,17z/chrome-extension_/chrome-extension_/chrome-extension_/chrome-extension_/chrome-extension_/chrome-extension_/chr/GET.71.delaye]
[www.google.com/maps/place/National+Monument/@-6.1753924,106.8249641,17z/chrome-extension_/chrome-extension_/chrome-extension_/chrome-extension_/chrome-extension_/chrome-extension_/chr/GET.72.delaye]
[www.google.com/maps/place/National+Monument/@-6.1753924,106.8249641,17z/chrome-extension_/chrome-extension_/chrome-extension_/chrome-extension_/chrome-extension_/chrome-extension_/chr/GET.72.delaye]
