[kumengundangmu.com/tema-03-ok/index3035.html]
[backblue.gif]
[fade.gif]
[index.html]
[www.google.com/maps/embed48a5.html]
[www.instagram.com/videoundangandigital/index0cf2.html]
[kumengundangmu.com/tema-03-ok/feed/index.html]
[kumengundangmu.com/tema-03-ok/index3035.html]
[www.google.co.id/maps/place/Abc/@-4.8410579,119.5456017,17z/data=!4m5!3m4!1s0x2dbe4fb0db72374f_0x5bd4b61f3ddf455b!8m2!3d-4.8410632!4d1191904.html]
[www.instagram.com/videoundangandigital/theaustralian.com.au]
[www.instagram.com/videoundangandigital/index.html]
[kumengundangmu.com/tema-03-ok/indexf8be.html]
[www.instagram.com/videoundangandigital/indexfef7.html]
[www.instagram.com/videoundangandigital/index7d7c.html]
[www.instagram.com/videoundangandigital/news.com.au]
[www.instagram.com/videoundangandigital/indexde3a.html]
[www.instagram.com/videoundangandigital/index0016.html]
[www.instagram.com/videoundangandigital/indexa209.html]
[www.instagram.com/videoundangandigital/index0b8e.html]
[www.instagram.com/videoundangandigital/kollosche.com.au]
[www.instagram.com/videoundangandigital/index9e29.html]
[www.instagram.com/videoundangandigital/indexf854.html]
[www.instagram.com/videoundangandigital/index28b7.html]
[www.instagram.com/videoundangandigital/index232e.html]
[www.instagram.com/videoundangandigital/awstrack.me]
[www.instagram.com/videoundangandigital/index0cf2.html]
[www.instagram.com/videoundangandigital/indexc581.html]
[www.instagram.com/videoundangandigital/indexecc8.html]
[www.instagram.com/videoundangandigital/index6dd3.html]
[www.instagram.com/videoundangandigital/index539c.html]
[www.instagram.com/videoundangandigital/index014b.html]
[www.google.com/maps/embed48a5.html]
[www.instagram.com/videoundangandigital/indexdc29.html]
[www.instagram.com/videoundangandigital/indexaaeb.html]
[www.instagram.com/videoundangandigital/indexc91a.html]
[www.instagram.com/videoundangandigital/index7c40.html]
[www.instagram.com/videoundangandigital/index4017.html]
[www.instagram.com/videoundangandigital/index5a9d.html]
[www.google.co.id/maps/place/Abc/@-4.8410579,119.5456017,17z/GET.html]
[www.instagram.com/videoundangandigital/indexb2db.html]
[www.instagram.com/videoundangandigital/index9201.html]
[www.google.com/maps/api/js/reviews.83c6e.delayed]
[www.instagram.com/videoundangandigital/index7a92.html]
[www.instagram.com/videoundangandigital/index1672.html]
[www.instagram.com/videoundangandigital/index5083.html]
[www.instagram.com/videoundangandigital/indexc13b.html]
[www.instagram.com/videoundangandigital/index9841.html]
[www.instagram.com/videoundangandigital/indexd294.html]
[www.instagram.com/videoundangandigital/index9e3e.html]
[www.google.com/maps/place/Undangan+Digital/data.html]
[www.instagram.com/videoundangandigital/index0f5d.html]
[www.google.com/maps/contrib/1158257360277742622872b4c.html]
[www.instagram.com/videoundangandigital/indexad0b.html]
[www.instagram.com/videoundangandigital/index5303.html]
[www.google.co.id/maps/place/Abc/@-4.8410579,119.5456017,17z/data=!4m5!3m4!1s0x2dbe4fb0db72374f_0x5bd4b61f3ddf455b!8m2!3d-4.8410632!4d1191904.html]
[www.instagram.com/videoundangandigital/indexdb1e.html]
[www.instagram.com/videoundangandigital/indexff11.html]
[www.instagram.com/videoundangandigital/indexe9b2.html]
[kumengundangmu.com/tema-03-ok/indexf8be.html]
[www.instagram.com/videoundangandigital/indexf857.html]
[www.instagram.com/videoundangandigital/index6c7f.html]
[www.instagram.com/videoundangandigital/index882e.html]
[www.instagram.com/videoundangandigital/index.html]
[www.instagram.com/videoundangandigital/index241a.html]
[www.instagram.com/videoundangandigital/indexfef7.html]
[www.instagram.com/videoundangandigital/index327f.html]
[www.instagram.com/videoundangandigital/index7d7c.html]
[www.instagram.com/videoundangandigital/index3a7e.html]
[www.instagram.com/videoundangandigital/indexa209.html]
[www.instagram.com/videoundangandigital/index030f.html]
[www.instagram.com/videoundangandigital/index0016.html]
[www.instagram.com/videoundangandigital/indexb058.html]
[www.instagram.com/videoundangandigital/indexde3a.html]
[www.instagram.com/videoundangandigital/index9d29.html]
[www.instagram.com/videoundangandigital/index0b8e.html]
[www.instagram.com/videoundangandigital/index0fe5.html]
[www.instagram.com/videoundangandigital/indexf854.html]
[www.instagram.com/videoundangandigital/indexc4e8.html]
[www.instagram.com/videoundangandigital/index9e29.html]
[www.instagram.com/videoundangandigital/index232e.html]
[www.instagram.com/videoundangandigital/index28b7.html]
[www.instagram.com/videoundangandigital/index6dd3.html]
[www.instagram.com/videoundangandigital/android-app_/com.instagram.android/https/instagram.com/_u/videoundangandigital/index.html]
[www.instagram.com/videoundangandigital/indexc581.html]
[www.instagram.com/videoundangandigital/index539c.html]
[www.instagram.com/videoundangandigital/indexecc8.html]
[www.instagram.com/videoundangandigital/indexaaeb.html]
[www.instagram.com/videoundangandigital/indexdc29.html]
[www.instagram.com/videoundangandigital/index014b.html]
[www.instagram.com/videoundangandigital/indexc91a.html]
[www.instagram.com/videoundangandigital/index7c40.html]
[www.instagram.com/videoundangandigital/index4017.html]
[www.instagram.com/videoundangandigital/index5a9d.html]
[www.instagram.com/videoundangandigital/indexb2db.html]
[www.instagram.com/videoundangandigital/index9201.html]
[www.instagram.com/videoundangandigital/index1672.html]
[www.instagram.com/videoundangandigital/index5083.html]
[www.instagram.com/videoundangandigital/index7a92.html]
[www.instagram.com/videoundangandigital/indexc13b.html]
[www.instagram.com/videoundangandigital/index9e3e.html]
[www.instagram.com/videoundangandigital/index9841.html]
[www.instagram.com/videoundangandigital/indexd294.html]
[www.instagram.com/videoundangandigital/index0f5d.html]
[www.instagram.com/videoundangandigital/indexad0b.html]
[www.instagram.com/videoundangandigital/index5303.html]
[www.instagram.com/videoundangandigital/indexdb1e.html]
[www.instagram.com/videoundangandigital/indexe9b2.html]
[www.instagram.com/videoundangandigital/indexff11.html]
[www.google.co.id/maps/place/Abc/@-4.8410579,119.5456017,17z/chrome-extension_/index.html]
[www.instagram.com/videoundangandigital/mount_0_0_T.c.delayed]
[www.instagram.com/videoundangandigital/indexf857.html]
[www.instagram.com/videoundangandigital/index882e.html]
[www.instagram.com/videoundangandigital/index6c7f.html]
[www.instagram.com/videoundangandigital/index241a.html]
[www.instagram.com/videoundangandigital/index327f.html]
[www.instagram.com/videoundangandigital/index3a7e.html]
[www.instagram.com/videoundangandigital/index030f.html]
[www.instagram.com/videoundangandigital/indexb058.html]
[www.instagram.com/videoundangandigital/index9d29.html]
[www.instagram.com/videoundangandigital/index0fe5.html]
[www.instagram.com/videoundangandigital/index2a81.html]
[www.instagram.com/videoundangandigital/indexc4e8.html]
[www.instagram.com/videoundangandigital/index53ad.html]
[www.instagram.com/videoundangandigital/index9d00.html]
[www.instagram.com/videoundangandigital/indexf4a3.html]
[www.instagram.com/videoundangandigital/indexfafd.html]
[www.instagram.com/videoundangandigital/index514d.html]
[www.instagram.com/videoundangandigital/android-app_/com.instagram.android/https/instagram.com/_u/videoundangandigital/index.html]
[www.instagram.com/videoundangandigital/theaustralian.com.html]
[www.instagram.com/videoundangandigital/news.com.html]
[www.instagram.com/videoundangandigital/kollosche.com.html]
[www.instagram.com/videoundangandigital/awstrack.html]
[www.google.co.id/maps/place/Abc/@-4.8410579,119.5456017,17z/chrome-extension_/chrome-extension_/index.html]
[www.google.co.id/maps/place/Abc/@-4.8410579,119.5456017,17z/chrome-extension_/index.html]
[www.google.co.id/maps/place/Abc/@-4.8410579,119.5456017,17z/GET.html]
[www.google.com/maps/api/js/reviews3c6e]
